[pixinvent.com/stack-responsive-bootstrap-4-admin-template/html/ltr/vertical-menu-template/index.html]
[backblue.gif]
[fade.gif]
[index.html]
[pixinvent.com/stack-responsive-bootstrap-4-admin-template/html/ltr/vertical-menu-template/index-2.html]
[pixinvent.com/stack-responsive-bootstrap-4-admin-template/html/ltr/vertical-menu-template/layout-2-columns.html]
[pixinvent.com/stack-responsive-bootstrap-4-admin-template/html/ltr/vertical-menu-template/color-palette-primary.html]
[pixinvent.com/stack-responsive-bootstrap-4-admin-template/html/ltr/vertical-menu-template/sk-2-columns.html]
[pixinvent.com/stack-responsive-bootstrap-4-admin-template/html/ltr/vertical-menu-template/changelog.html]
[pixinvent.com/stack-responsive-bootstrap-4-admin-template/html/ltr/vertical-menu-template/dashboard-ecommerce.html]
[pixinvent.com/stack-responsive-bootstrap-4-admin-template/html/ltr/vertical-menu-template/dashboard-analytics.html]
[pixinvent.com/stack-responsive-bootstrap-4-admin-template/html/ltr/vertical-menu-template/dashboard-fitness.html]
[pixinvent.com/stack-responsive-bootstrap-4-admin-template/html/ltr/vertical-menu-template/layout-1-column.html]
[pixinvent.com/stack-responsive-bootstrap-4-admin-template/html/ltr/vertical-menu-template/layout-content-detached-left-sidebar.html]
[pixinvent.com/stack-responsive-bootstrap-4-admin-template/html/ltr/vertical-menu-template/layout-content-detached-left-sticky-sidebar.html]
[pixinvent.com/stack-responsive-bootstrap-4-admin-template/html/ltr/vertical-menu-template/layout-content-detached-right-sidebar.html]
[pixinvent.com/stack-responsive-bootstrap-4-admin-template/html/ltr/vertical-menu-template/layout-content-detached-right-sticky-sidebar.html]
[pixinvent.com/stack-responsive-bootstrap-4-admin-template/html/ltr/vertical-menu-template/layout-fixed-navbar.html]
[pixinvent.com/stack-responsive-bootstrap-4-admin-template/html/ltr/vertical-menu-template/layout-fixed-navigation.html]
[pixinvent.com/stack-responsive-bootstrap-4-admin-template/html/ltr/vertical-menu-template/layout-fixed-navbar-navigation.html]
[pixinvent.com/stack-responsive-bootstrap-4-admin-template/html/ltr/vertical-menu-template/layout-fixed-navbar-footer.html]
[pixinvent.com/stack-responsive-bootstrap-4-admin-template/html/ltr/vertical-menu-template/layout-fixed.html]
[pixinvent.com/stack-responsive-bootstrap-4-admin-template/html/ltr/vertical-menu-template/layout-boxed.html]
[pixinvent.com/stack-responsive-bootstrap-4-admin-template/html/ltr/vertical-menu-template/layout-static.html]
[pixinvent.com/stack-responsive-bootstrap-4-admin-template/html/ltr/vertical-menu-template/layout-light.html]
[pixinvent.com/stack-responsive-bootstrap-4-admin-template/html/ltr/vertical-menu-template/layout-dark.html]
[pixinvent.com/stack-responsive-bootstrap-4-admin-template/html/ltr/vertical-menu-template/layout-semi-dark.html]
[pixinvent.com/stack-responsive-bootstrap-4-admin-template/html/ltr/vertical-menu-template/navbar-light.html]
[pixinvent.com/stack-responsive-bootstrap-4-admin-template/html/ltr/vertical-menu-template/navbar-dark.html]
[pixinvent.com/stack-responsive-bootstrap-4-admin-template/html/ltr/vertical-menu-template/navbar-semi-dark.html]
[pixinvent.com/stack-responsive-bootstrap-4-admin-template/html/ltr/vertical-menu-template/navbar-brand-center.html]
[pixinvent.com/stack-responsive-bootstrap-4-admin-template/html/ltr/vertical-menu-template/navbar-fixed-top.html]
[pixinvent.com/stack-responsive-bootstrap-4-admin-template/html/ltr/vertical-menu-template/navbar-hide-on-scroll-top.html]
[pixinvent.com/stack-responsive-bootstrap-4-admin-template/html/ltr/vertical-menu-template/navbar-hide-on-scroll-bottom.html]
[pixinvent.com/stack-responsive-bootstrap-4-admin-template/html/ltr/vertical-menu-template/navbar-components.html]
[pixinvent.com/stack-responsive-bootstrap-4-admin-template/html/ltr/vertical-menu-template/navbar-styling.html]
[pixinvent.com/stack-responsive-bootstrap-4-admin-template/html/ltr/vertical-menu-template/vertical-nav-fixed.html]
[pixinvent.com/stack-responsive-bootstrap-4-admin-template/html/ltr/vertical-menu-template/vertical-nav-static.html]
[pixinvent.com/stack-responsive-bootstrap-4-admin-template/html/ltr/vertical-menu-template/vertical-nav-light.html]
[pixinvent.com/stack-responsive-bootstrap-4-admin-template/html/ltr/vertical-menu-template/vertical-nav-dark.html]
[pixinvent.com/stack-responsive-bootstrap-4-admin-template/html/ltr/vertical-menu-template/vertical-nav-accordion.html]
[pixinvent.com/stack-responsive-bootstrap-4-admin-template/html/ltr/vertical-menu-template/vertical-nav-collapsible.html]
[pixinvent.com/stack-responsive-bootstrap-4-admin-template/html/ltr/vertical-menu-template/vertical-nav-flipped.html]
[pixinvent.com/stack-responsive-bootstrap-4-admin-template/html/ltr/vertical-menu-template/vertical-nav-native-scroll.html]
[pixinvent.com/stack-responsive-bootstrap-4-admin-template/html/ltr/vertical-menu-template/vertical-nav-right-side-icon.html]
[pixinvent.com/stack-responsive-bootstrap-4-admin-template/html/ltr/vertical-menu-template/vertical-nav-bordered.html]
[pixinvent.com/stack-responsive-bootstrap-4-admin-template/html/ltr/vertical-menu-template/vertical-nav-disabled-link.html]
[pixinvent.com/stack-responsive-bootstrap-4-admin-template/html/ltr/vertical-menu-template/vertical-nav-styling.html]
[pixinvent.com/stack-responsive-bootstrap-4-admin-template/html/ltr/vertical-menu-template/vertical-nav-tags-pills.html]
[pixinvent.com/stack-responsive-bootstrap-4-admin-template/html/ltr/vertical-menu-template/headers-breadcrumbs-basic.html]
[pixinvent.com/stack-responsive-bootstrap-4-admin-template/html/ltr/vertical-menu-template/headers-breadcrumbs-top.html]
[pixinvent.com/stack-responsive-bootstrap-4-admin-template/html/ltr/vertical-menu-template/headers-breadcrumbs-bottom.html]
[pixinvent.com/stack-responsive-bootstrap-4-admin-template/html/ltr/vertical-menu-template/headers-breadcrumbs-with-button.html]
[pixinvent.com/stack-responsive-bootstrap-4-admin-template/html/ltr/vertical-menu-template/headers-breadcrumbs-with-round-button.html]
[pixinvent.com/stack-responsive-bootstrap-4-admin-template/html/ltr/vertical-menu-template/headers-breadcrumbs-with-stats.html]
[pixinvent.com/stack-responsive-bootstrap-4-admin-template/html/ltr/vertical-menu-template/footer-light.html]
[pixinvent.com/stack-responsive-bootstrap-4-admin-template/html/ltr/vertical-menu-template/footer-dark.html]
[pixinvent.com/stack-responsive-bootstrap-4-admin-template/html/ltr/vertical-menu-template/footer-transparent.html]
[pixinvent.com/stack-responsive-bootstrap-4-admin-template/html/ltr/vertical-menu-template/footer-fixed.html]
[pixinvent.com/stack-responsive-bootstrap-4-admin-template/html/ltr/vertical-menu-template/footer-components.html]
[pixinvent.com/stack-responsive-bootstrap-4-admin-template/html/ltr/vertical-menu-template/project-summary.html]
[pixinvent.com/stack-responsive-bootstrap-4-admin-template/html/ltr/vertical-menu-template/invoice-template.html]
[pixinvent.com/stack-responsive-bootstrap-4-admin-template/html/ltr/vertical-menu-template/timeline-center.html]
[pixinvent.com/stack-responsive-bootstrap-4-admin-template/html/ltr/vertical-menu-template/timeline-horizontal.html]
[pixinvent.com/stack-responsive-bootstrap-4-admin-template/html/ltr/vertical-menu-template/user-profile.html]
[pixinvent.com/stack-responsive-bootstrap-4-admin-template/html/ltr/vertical-menu-template/user-cards.html]
[pixinvent.com/stack-responsive-bootstrap-4-admin-template/html/ltr/vertical-menu-template/full-calender-basic.html]
[pixinvent.com/stack-responsive-bootstrap-4-admin-template/html/ltr/vertical-menu-template/full-calender-events.html]
[pixinvent.com/stack-responsive-bootstrap-4-admin-template/html/ltr/vertical-menu-template/full-calender-advance.html]
[pixinvent.com/stack-responsive-bootstrap-4-admin-template/html/ltr/vertical-menu-template/full-calender-extra.html]
[pixinvent.com/stack-responsive-bootstrap-4-admin-template/html/ltr/vertical-menu-template/gallery-grid.html]
[pixinvent.com/stack-responsive-bootstrap-4-admin-template/html/ltr/vertical-menu-template/gallery-grid-with-desc.html]
[pixinvent.com/stack-responsive-bootstrap-4-admin-template/html/ltr/vertical-menu-template/gallery-masonry.html]
[pixinvent.com/stack-responsive-bootstrap-4-admin-template/html/ltr/vertical-menu-template/gallery-masonry-with-desc.html]
[pixinvent.com/stack-responsive-bootstrap-4-admin-template/html/ltr/vertical-menu-template/gallery-hover-effects.html]
[pixinvent.com/stack-responsive-bootstrap-4-admin-template/html/ltr/vertical-menu-template/search-page.html]
[pixinvent.com/stack-responsive-bootstrap-4-admin-template/html/ltr/vertical-menu-template/search-website.html]
[pixinvent.com/stack-responsive-bootstrap-4-admin-template/html/ltr/vertical-menu-template/search-images.html]
[pixinvent.com/stack-responsive-bootstrap-4-admin-template/html/ltr/vertical-menu-template/search-videos.html]
[pixinvent.com/stack-responsive-bootstrap-4-admin-template/html/ltr/vertical-menu-template/login-simple.html]
[pixinvent.com/stack-responsive-bootstrap-4-admin-template/html/ltr/vertical-menu-template/login-with-bg.html]
[pixinvent.com/stack-responsive-bootstrap-4-admin-template/html/ltr/vertical-menu-template/login-with-bg-image.html]
[pixinvent.com/stack-responsive-bootstrap-4-admin-template/html/ltr/vertical-menu-template/register-simple.html]
[pixinvent.com/stack-responsive-bootstrap-4-admin-template/html/ltr/vertical-menu-template/register-with-bg.html]
[pixinvent.com/stack-responsive-bootstrap-4-admin-template/html/ltr/vertical-menu-template/register-with-bg-image.html]
[pixinvent.com/stack-responsive-bootstrap-4-admin-template/html/ltr/vertical-menu-template/unlock-user.html]
[pixinvent.com/stack-responsive-bootstrap-4-admin-template/html/ltr/vertical-menu-template/recover-password.html]
[pixinvent.com/stack-responsive-bootstrap-4-admin-template/html/ltr/vertical-menu-template/error-400.html]
[pixinvent.com/stack-responsive-bootstrap-4-admin-template/html/ltr/vertical-menu-template/error-401.html]
[pixinvent.com/stack-responsive-bootstrap-4-admin-template/html/ltr/vertical-menu-template/error-403.html]
[pixinvent.com/stack-responsive-bootstrap-4-admin-template/html/ltr/vertical-menu-template/error-404.html]
[pixinvent.com/stack-responsive-bootstrap-4-admin-template/html/ltr/vertical-menu-template/error-500.html]
[pixinvent.com/stack-responsive-bootstrap-4-admin-template/html/ltr/vertical-menu-template/coming-soon-flat.html]
[pixinvent.com/stack-responsive-bootstrap-4-admin-template/html/ltr/vertical-menu-template/coming-soon-bg-image.html]
[pixinvent.com/stack-responsive-bootstrap-4-admin-template/html/ltr/vertical-menu-template/coming-soon-bg-video.html]
[pixinvent.com/stack-responsive-bootstrap-4-admin-template/html/ltr/vertical-menu-template/under-maintenance.html]
[pixinvent.com/stack-responsive-bootstrap-4-admin-template/html/ltr/vertical-menu-template/content-grid.html]
[pixinvent.com/stack-responsive-bootstrap-4-admin-template/html/ltr/vertical-menu-template/content-typography.html]
[pixinvent.com/stack-responsive-bootstrap-4-admin-template/html/ltr/vertical-menu-template/content-text-utilities.html]
[pixinvent.com/stack-responsive-bootstrap-4-admin-template/html/ltr/vertical-menu-template/content-syntax-highlighter.html]
[pixinvent.com/stack-responsive-bootstrap-4-admin-template/html/ltr/vertical-menu-template/content-helper-classes.html]
[pixinvent.com/stack-responsive-bootstrap-4-admin-template/html/ltr/vertical-menu-template/card-bootstrap.html]
[pixinvent.com/stack-responsive-bootstrap-4-admin-template/html/ltr/vertical-menu-template/card-headings.html]
[pixinvent.com/stack-responsive-bootstrap-4-admin-template/html/ltr/vertical-menu-template/card-options.html]
[pixinvent.com/stack-responsive-bootstrap-4-admin-template/html/ltr/vertical-menu-template/card-actions.html]
[pixinvent.com/stack-responsive-bootstrap-4-admin-template/html/ltr/vertical-menu-template/card-draggable.html]
[pixinvent.com/stack-responsive-bootstrap-4-admin-template/html/ltr/vertical-menu-template/card-statistics.html]
[pixinvent.com/stack-responsive-bootstrap-4-admin-template/html/ltr/vertical-menu-template/card-weather.html]
[pixinvent.com/stack-responsive-bootstrap-4-admin-template/html/ltr/vertical-menu-template/card-charts.html]
[pixinvent.com/stack-responsive-bootstrap-4-admin-template/html/ltr/vertical-menu-template/card-maps.html]
[pixinvent.com/stack-responsive-bootstrap-4-admin-template/html/ltr/vertical-menu-template/card-social.html]
[pixinvent.com/stack-responsive-bootstrap-4-admin-template/html/ltr/vertical-menu-template/card-ecommerce.html]
[pixinvent.com/stack-responsive-bootstrap-4-admin-template/html/ltr/vertical-menu-template/color-palette-danger.html]
[pixinvent.com/stack-responsive-bootstrap-4-admin-template/html/ltr/vertical-menu-template/color-palette-success.html]
[pixinvent.com/stack-responsive-bootstrap-4-admin-template/html/ltr/vertical-menu-template/color-palette-warning.html]
[pixinvent.com/stack-responsive-bootstrap-4-admin-template/html/ltr/vertical-menu-template/color-palette-info.html]
[pixinvent.com/stack-responsive-bootstrap-4-admin-template/html/ltr/vertical-menu-template/color-palette-red.html]
[pixinvent.com/stack-responsive-bootstrap-4-admin-template/html/ltr/vertical-menu-template/color-palette-pink.html]
[pixinvent.com/stack-responsive-bootstrap-4-admin-template/html/ltr/vertical-menu-template/color-palette-purple.html]
[pixinvent.com/stack-responsive-bootstrap-4-admin-template/html/ltr/vertical-menu-template/color-palette-blue.html]
[pixinvent.com/stack-responsive-bootstrap-4-admin-template/html/ltr/vertical-menu-template/color-palette-cyan.html]
[pixinvent.com/stack-responsive-bootstrap-4-admin-template/html/ltr/vertical-menu-template/color-palette-teal.html]
[pixinvent.com/stack-responsive-bootstrap-4-admin-template/html/ltr/vertical-menu-template/color-palette-yellow.html]
[pixinvent.com/stack-responsive-bootstrap-4-admin-template/html/ltr/vertical-menu-template/color-palette-amber.html]
[pixinvent.com/stack-responsive-bootstrap-4-admin-template/html/ltr/vertical-menu-template/color-palette-blue-grey.html]
[pixinvent.com/stack-responsive-bootstrap-4-admin-template/html/ltr/vertical-menu-template/icons-feather.html]
[pixinvent.com/stack-responsive-bootstrap-4-admin-template/html/ltr/vertical-menu-template/icons-font-awesome.html]
[pixinvent.com/stack-responsive-bootstrap-4-admin-template/html/ltr/vertical-menu-template/icons-simple-line-icons.html]
[pixinvent.com/stack-responsive-bootstrap-4-admin-template/html/ltr/vertical-menu-template/icons-meteocons.html]
[pixinvent.com/stack-responsive-bootstrap-4-admin-template/html/ltr/vertical-menu-template/component-alerts.html]
[pixinvent.com/stack-responsive-bootstrap-4-admin-template/html/ltr/vertical-menu-template/component-callout.html]
[pixinvent.com/stack-responsive-bootstrap-4-admin-template/html/ltr/vertical-menu-template/component-buttons-basic.html]
[pixinvent.com/stack-responsive-bootstrap-4-admin-template/html/ltr/vertical-menu-template/component-buttons-extended.html]
[pixinvent.com/stack-responsive-bootstrap-4-admin-template/html/ltr/vertical-menu-template/component-carousel.html]
[pixinvent.com/stack-responsive-bootstrap-4-admin-template/html/ltr/vertical-menu-template/component-collapse.html]
[pixinvent.com/stack-responsive-bootstrap-4-admin-template/html/ltr/vertical-menu-template/component-dropdowns.html]
[pixinvent.com/stack-responsive-bootstrap-4-admin-template/html/ltr/vertical-menu-template/component-list-group.html]
[pixinvent.com/stack-responsive-bootstrap-4-admin-template/html/ltr/vertical-menu-template/component-modals.html]
[pixinvent.com/stack-responsive-bootstrap-4-admin-template/html/ltr/vertical-menu-template/component-pagination.html]
[pixinvent.com/stack-responsive-bootstrap-4-admin-template/html/ltr/vertical-menu-template/component-navs-component.html]
[pixinvent.com/stack-responsive-bootstrap-4-admin-template/html/ltr/vertical-menu-template/component-tabs-component.html]
[pixinvent.com/stack-responsive-bootstrap-4-admin-template/html/ltr/vertical-menu-template/component-pills-component.html]
[pixinvent.com/stack-responsive-bootstrap-4-admin-template/html/ltr/vertical-menu-template/component-tooltips.html]
[pixinvent.com/stack-responsive-bootstrap-4-admin-template/html/ltr/vertical-menu-template/component-popovers.html]
[pixinvent.com/stack-responsive-bootstrap-4-admin-template/html/ltr/vertical-menu-template/component-tags.html]
[pixinvent.com/stack-responsive-bootstrap-4-admin-template/html/ltr/vertical-menu-template/component-pill-tags.html]
[pixinvent.com/stack-responsive-bootstrap-4-admin-template/html/ltr/vertical-menu-template/component-progress.html]
[pixinvent.com/stack-responsive-bootstrap-4-admin-template/html/ltr/vertical-menu-template/component-media-objects.html]
[pixinvent.com/stack-responsive-bootstrap-4-admin-template/html/ltr/vertical-menu-template/component-scrollable.html]
[pixinvent.com/stack-responsive-bootstrap-4-admin-template/html/ltr/vertical-menu-template/component-spinners.html]
[pixinvent.com/stack-responsive-bootstrap-4-admin-template/html/ltr/vertical-menu-template/ex-component-sweet-alerts.html]
[pixinvent.com/stack-responsive-bootstrap-4-admin-template/html/ltr/vertical-menu-template/ex-component-ratings.html]
[pixinvent.com/stack-responsive-bootstrap-4-admin-template/html/ltr/vertical-menu-template/ex-component-toastr.html]
[pixinvent.com/stack-responsive-bootstrap-4-admin-template/html/ltr/vertical-menu-template/ex-component-noui-slider.html]
[pixinvent.com/stack-responsive-bootstrap-4-admin-template/html/ltr/vertical-menu-template/ex-component-knob.html]
[pixinvent.com/stack-responsive-bootstrap-4-admin-template/html/ltr/vertical-menu-template/ex-component-block-ui.html]
[pixinvent.com/stack-responsive-bootstrap-4-admin-template/html/ltr/vertical-menu-template/ex-component-date-time-picker.html]
[pixinvent.com/stack-responsive-bootstrap-4-admin-template/html/ltr/vertical-menu-template/form-inputs.html]
[pixinvent.com/stack-responsive-bootstrap-4-admin-template/html/ltr/vertical-menu-template/form-input-groups.html]
[pixinvent.com/stack-responsive-bootstrap-4-admin-template/html/ltr/vertical-menu-template/form-input-grid.html]
[pixinvent.com/stack-responsive-bootstrap-4-admin-template/html/ltr/vertical-menu-template/form-extended-inputs.html]
[pixinvent.com/stack-responsive-bootstrap-4-admin-template/html/ltr/vertical-menu-template/form-checkboxes-radios.html]
[pixinvent.com/stack-responsive-bootstrap-4-admin-template/html/ltr/vertical-menu-template/form-switch.html]
[pixinvent.com/stack-responsive-bootstrap-4-admin-template/html/ltr/vertical-menu-template/form-select2.html]
[pixinvent.com/stack-responsive-bootstrap-4-admin-template/html/ltr/vertical-menu-template/form-tags-input.html]
[pixinvent.com/stack-responsive-bootstrap-4-admin-template/html/ltr/vertical-menu-template/form-validation.html]
[pixinvent.com/stack-responsive-bootstrap-4-admin-template/html/ltr/vertical-menu-template/form-layout-basic.html]
[pixinvent.com/stack-responsive-bootstrap-4-admin-template/html/ltr/vertical-menu-template/form-layout-horizontal.html]
[pixinvent.com/stack-responsive-bootstrap-4-admin-template/html/ltr/vertical-menu-template/form-layout-hidden-labels.html]
[pixinvent.com/stack-responsive-bootstrap-4-admin-template/html/ltr/vertical-menu-template/form-layout-form-actions.html]
[pixinvent.com/stack-responsive-bootstrap-4-admin-template/html/ltr/vertical-menu-template/form-layout-bordered.html]
[pixinvent.com/stack-responsive-bootstrap-4-admin-template/html/ltr/vertical-menu-template/form-layout-striped-rows.html]
[pixinvent.com/stack-responsive-bootstrap-4-admin-template/html/ltr/vertical-menu-template/form-wizard.html]
[pixinvent.com/stack-responsive-bootstrap-4-admin-template/html/ltr/vertical-menu-template/table-basic.html]
[pixinvent.com/stack-responsive-bootstrap-4-admin-template/html/ltr/vertical-menu-template/table-border.html]
[pixinvent.com/stack-responsive-bootstrap-4-admin-template/html/ltr/vertical-menu-template/table-sizing.html]
[pixinvent.com/stack-responsive-bootstrap-4-admin-template/html/ltr/vertical-menu-template/table-styling.html]
[pixinvent.com/stack-responsive-bootstrap-4-admin-template/html/ltr/vertical-menu-template/table-components.html]
[pixinvent.com/stack-responsive-bootstrap-4-admin-template/html/ltr/vertical-menu-template/dt-basic-initialization.html]
[pixinvent.com/stack-responsive-bootstrap-4-admin-template/html/ltr/vertical-menu-template/dt-advanced-initialization.html]
[pixinvent.com/stack-responsive-bootstrap-4-admin-template/html/ltr/vertical-menu-template/dt-styling.html]
[pixinvent.com/stack-responsive-bootstrap-4-admin-template/html/ltr/vertical-menu-template/dt-data-sources.html]
[pixinvent.com/stack-responsive-bootstrap-4-admin-template/html/ltr/vertical-menu-template/dt-api.html]
[pixinvent.com/stack-responsive-bootstrap-4-admin-template/html/ltr/vertical-menu-template/dt-extensions-autofill.html]
[pixinvent.com/stack-responsive-bootstrap-4-admin-template/html/ltr/vertical-menu-template/dt-extensions-buttons-html-5-data-export.html]
[pixinvent.com/stack-responsive-bootstrap-4-admin-template/html/ltr/vertical-menu-template/dt-extensions-buttons-basic.html]
[pixinvent.com/stack-responsive-bootstrap-4-admin-template/html/ltr/vertical-menu-template/dt-extensions-buttons-flash-data-export.html]
[pixinvent.com/stack-responsive-bootstrap-4-admin-template/html/ltr/vertical-menu-template/dt-extensions-buttons-column-visibility.html]
[pixinvent.com/stack-responsive-bootstrap-4-admin-template/html/ltr/vertical-menu-template/dt-extensions-buttons-print.html]
[pixinvent.com/stack-responsive-bootstrap-4-admin-template/html/ltr/vertical-menu-template/dt-extensions-buttons-api.html]
[pixinvent.com/stack-responsive-bootstrap-4-admin-template/html/ltr/vertical-menu-template/dt-extensions-column-reorder.html]
[pixinvent.com/stack-responsive-bootstrap-4-admin-template/html/ltr/vertical-menu-template/dt-extensions-fixed-columns.html]
[pixinvent.com/stack-responsive-bootstrap-4-admin-template/html/ltr/vertical-menu-template/dt-extensions-key-table.html]
[pixinvent.com/stack-responsive-bootstrap-4-admin-template/html/ltr/vertical-menu-template/dt-extensions-row-reorder.html]
[pixinvent.com/stack-responsive-bootstrap-4-admin-template/html/ltr/vertical-menu-template/dt-extensions-select.html]
[pixinvent.com/stack-responsive-bootstrap-4-admin-template/html/ltr/vertical-menu-template/dt-extensions-fix-header.html]
[pixinvent.com/stack-responsive-bootstrap-4-admin-template/html/ltr/vertical-menu-template/dt-extensions-responsive.html]
[pixinvent.com/stack-responsive-bootstrap-4-admin-template/html/ltr/vertical-menu-template/dt-extensions-column-visibility.html]
[pixinvent.com/stack-responsive-bootstrap-4-admin-template/html/ltr/vertical-menu-template/table-jsgrid.html]
[pixinvent.com/stack-responsive-bootstrap-4-admin-template/html/ltr/vertical-menu-template/echarts-line-area-charts.html]
[pixinvent.com/stack-responsive-bootstrap-4-admin-template/html/ltr/vertical-menu-template/echarts-bar-column-charts.html]
[pixinvent.com/stack-responsive-bootstrap-4-admin-template/html/ltr/vertical-menu-template/echarts-pie-doughnut-charts.html]
[pixinvent.com/stack-responsive-bootstrap-4-admin-template/html/ltr/vertical-menu-template/echarts-scatter-charts.html]
[pixinvent.com/stack-responsive-bootstrap-4-admin-template/html/ltr/vertical-menu-template/echarts-radar-chord-charts.html]
[pixinvent.com/stack-responsive-bootstrap-4-admin-template/html/ltr/vertical-menu-template/echarts-funnel-gauges-charts.html]
[pixinvent.com/stack-responsive-bootstrap-4-admin-template/html/ltr/vertical-menu-template/echarts-combination-charts.html]
[pixinvent.com/stack-responsive-bootstrap-4-admin-template/html/ltr/vertical-menu-template/echarts-advance-charts.html]
[pixinvent.com/stack-responsive-bootstrap-4-admin-template/html/ltr/vertical-menu-template/chartjs-line-charts.html]
[pixinvent.com/stack-responsive-bootstrap-4-admin-template/html/ltr/vertical-menu-template/chartjs-bar-charts.html]
[pixinvent.com/stack-responsive-bootstrap-4-admin-template/html/ltr/vertical-menu-template/chartjs-pie-doughnut-charts.html]
[pixinvent.com/stack-responsive-bootstrap-4-admin-template/html/ltr/vertical-menu-template/chartjs-scatter-charts.html]
[pixinvent.com/stack-responsive-bootstrap-4-admin-template/html/ltr/vertical-menu-template/chartjs-polar-radar-charts.html]
[pixinvent.com/stack-responsive-bootstrap-4-admin-template/html/ltr/vertical-menu-template/chartjs-advance-charts.html]
[pixinvent.com/stack-responsive-bootstrap-4-admin-template/html/ltr/vertical-menu-template/morris-charts.html]
[pixinvent.com/stack-responsive-bootstrap-4-admin-template/html/ltr/vertical-menu-template/flot-line-charts.html]
[pixinvent.com/stack-responsive-bootstrap-4-admin-template/html/ltr/vertical-menu-template/flot-bar-charts.html]
[pixinvent.com/stack-responsive-bootstrap-4-admin-template/html/ltr/vertical-menu-template/flot-pie-charts.html]
[pixinvent.com/stack-responsive-bootstrap-4-admin-template/html/ltr/vertical-menu-template/chartist-line-charts.html]
[pixinvent.com/stack-responsive-bootstrap-4-admin-template/html/ltr/vertical-menu-template/chartist-bar-charts.html]
[pixinvent.com/stack-responsive-bootstrap-4-admin-template/html/ltr/vertical-menu-template/chartist-pie-charts.html]
[pixinvent.com/stack-responsive-bootstrap-4-admin-template/html/ltr/vertical-menu-template/gmaps-basic-maps.html]
[pixinvent.com/stack-responsive-bootstrap-4-admin-template/html/ltr/vertical-menu-template/gmaps-services.html]
[pixinvent.com/stack-responsive-bootstrap-4-admin-template/html/ltr/vertical-menu-template/gmaps-overlays.html]
[pixinvent.com/stack-responsive-bootstrap-4-admin-template/html/ltr/vertical-menu-template/gmaps-routes.html]
[pixinvent.com/stack-responsive-bootstrap-4-admin-template/html/ltr/vertical-menu-template/gmaps-utils.html]
[pixinvent.com/stack-responsive-bootstrap-4-admin-template/html/ltr/vertical-menu-template/vector-maps-jvector.html]
[pixinvent.com/stack-responsive-bootstrap-4-admin-template/html/ltr/vertical-menu-template/index.html]
[pixinvent.com/stack-responsive-bootstrap-4-admin-template/html/ltr/vertical-menu-template/index-2.html]
[pixinvent.com/stack-responsive-bootstrap-4-admin-template/html/ltr/vertical-menu-template/calendars-clndr.html]
[pixinvent.com/stack-responsive-bootstrap-4-admin-template/html/ltr/vertical-menu-template/layout-2-columns.html]
[pixinvent.com/stack-responsive-bootstrap-4-admin-template/html/ltr/vertical-menu-template/color-palette-primary.html]
[pixinvent.com/stack-responsive-bootstrap-4-admin-template/html/ltr/vertical-menu-template/sk-2-columns.html]
[pixinvent.com/stack-responsive-bootstrap-4-admin-template/html/ltr/vertical-menu-template/changelog.html]
[pixinvent.com/stack-responsive-bootstrap-4-admin-template/html/ltr/vertical-menu-template/dashboard-ecommerce.html]
[pixinvent.com/stack-responsive-bootstrap-4-admin-template/html/ltr/vertical-menu-template/dashboard-analytics.html]
[pixinvent.com/stack-responsive-bootstrap-4-admin-template/html/ltr/vertical-menu-template/dashboard-fitness.html]
[pixinvent.com/stack-responsive-bootstrap-4-admin-template/html/ltr/vertical-menu-template/layout-1-column.html]
[pixinvent.com/stack-responsive-bootstrap-4-admin-template/html/ltr/vertical-menu-template/sk-content-detached-left-sidebar.df.delayed]
[pixinvent.com/stack-responsive-bootstrap-4-admin-template/html/ltr/vertical-menu-template/layout-content-detached-left-sidebar.html]
[pixinvent.com/stack-responsive-bootstrap-4-admin-template/html/ltr/vertical-menu-template/layout-content-detached-left-sticky-sidebar.html]
[pixinvent.com/stack-responsive-bootstrap-4-admin-template/html/ltr/vertical-menu-template/layout-content-detached-right-sidebar.html]
[pixinvent.com/stack-responsive-bootstrap-4-admin-template/html/ltr/vertical-menu-template/layout-content-detached-right-sticky-sidebar.html]
[pixinvent.com/stack-responsive-bootstrap-4-admin-template/html/ltr/vertical-menu-template/layout-fixed-navbar.html]
[pixinvent.com/stack-responsive-bootstrap-4-admin-template/html/ltr/vertical-menu-template/layout-fixed-navigation.html]
[pixinvent.com/stack-responsive-bootstrap-4-admin-template/html/ltr/vertical-menu-template/layout-fixed-navbar-navigation.html]
[pixinvent.com/stack-responsive-bootstrap-4-admin-template/html/ltr/vertical-menu-template/layout-fixed-navbar-footer.html]
[pixinvent.com/stack-responsive-bootstrap-4-admin-template/html/ltr/vertical-menu-template/layout-fixed.html]
[pixinvent.com/stack-responsive-bootstrap-4-admin-template/html/ltr/vertical-menu-template/layout-boxed.html]
[pixinvent.com/stack-responsive-bootstrap-4-admin-template/html/ltr/vertical-menu-template/layout-static.html]
[pixinvent.com/stack-responsive-bootstrap-4-admin-template/html/ltr/vertical-menu-template/layout-light.html]
[pixinvent.com/stack-responsive-bootstrap-4-admin-template/html/ltr/vertical-menu-template/layout-dark.html]
[pixinvent.com/stack-responsive-bootstrap-4-admin-template/html/ltr/vertical-menu-template/layout-semi-dark.html]
[pixinvent.com/stack-responsive-bootstrap-4-admin-template/html/ltr/vertical-menu-template/navbar-light.html]
[pixinvent.com/stack-responsive-bootstrap-4-admin-template/html/ltr/vertical-menu-template/navbar-dark.html]
[pixinvent.com/stack-responsive-bootstrap-4-admin-template/html/ltr/vertical-menu-template/navbar-semi-dark.html]
[pixinvent.com/stack-responsive-bootstrap-4-admin-template/html/ltr/vertical-menu-template/navbar-brand-center.html]
[pixinvent.com/stack-responsive-bootstrap-4-admin-template/html/ltr/vertical-menu-template/navbar-fixed-top.html]
[pixinvent.com/stack-responsive-bootstrap-4-admin-template/html/ltr/vertical-menu-template/navbar-hide-on-scroll-top.html]
[pixinvent.com/stack-responsive-bootstrap-4-admin-template/html/ltr/vertical-menu-template/navbar-hide-on-scroll-bottom.html]
[pixinvent.com/stack-responsive-bootstrap-4-admin-template/html/ltr/vertical-menu-template/navbar-components.html]
[pixinvent.com/stack-responsive-bootstrap-4-admin-template/html/ltr/vertical-menu-template/vertical-disabled-navigation-link.e0.delayed]
[pixinvent.com/stack-responsive-bootstrap-4-admin-template/html/ltr/vertical-menu-template/navbar-styling.html]
[pixinvent.com/stack-responsive-bootstrap-4-admin-template/html/ltr/vertical-menu-template/vertical-nav-fixed.html]
[pixinvent.com/stack-responsive-bootstrap-4-admin-template/html/ltr/vertical-menu-template/vertical-nav-static.html]
[pixinvent.com/stack-responsive-bootstrap-4-admin-template/html/ltr/vertical-menu-template/vertical-nav-light.html]
[pixinvent.com/stack-responsive-bootstrap-4-admin-template/html/ltr/vertical-menu-template/vertical-nav-dark.html]
[pixinvent.com/stack-responsive-bootstrap-4-admin-template/html/ltr/vertical-menu-template/vertical-nav-accordion.html]
[pixinvent.com/stack-responsive-bootstrap-4-admin-template/html/ltr/vertical-menu-template/vertical-nav-collapsible.html]
[pixinvent.com/stack-responsive-bootstrap-4-admin-template/html/ltr/vertical-menu-template/vertical-nav-flipped.html]
[pixinvent.com/stack-responsive-bootstrap-4-admin-template/html/ltr/vertical-menu-template/vertical-nav-native-scroll.html]
[pixinvent.com/stack-responsive-bootstrap-4-admin-template/html/ltr/vertical-menu-template/vertical-nav-right-side-icon.html]
[pixinvent.com/stack-responsive-bootstrap-4-admin-template/html/ltr/vertical-menu-template/vertical-nav-bordered.html]
[pixinvent.com/stack-responsive-bootstrap-4-admin-template/html/ltr/vertical-menu-template/vertical-nav-disabled-link.html]
[pixinvent.com/stack-responsive-bootstrap-4-admin-template/html/ltr/vertical-menu-template/vertical-nav-styling.html]
[pixinvent.com/stack-responsive-bootstrap-4-admin-template/html/ltr/vertical-menu-template/vertical-nav-tags-pills.html]
[pixinvent.com/stack-responsive-bootstrap-4-admin-template/html/ltr/vertical-menu-template/headers-breadcrumbs-basic.html]
[pixinvent.com/stack-responsive-bootstrap-4-admin-template/html/ltr/vertical-menu-template/headers-breadcrumbs-top.html]
[pixinvent.com/stack-responsive-bootstrap-4-admin-template/html/ltr/vertical-menu-template/headers-breadcrumbs-bottom.html]
[pixinvent.com/stack-responsive-bootstrap-4-admin-template/html/ltr/vertical-menu-template/headers-breadcrumbs-with-button.html]
[pixinvent.com/stack-responsive-bootstrap-4-admin-template/html/ltr/vertical-menu-template/headers-breadcrumbs-with-round-button.html]
[pixinvent.com/stack-responsive-bootstrap-4-admin-template/html/ltr/vertical-menu-template/headers-breadcrumbs-with-stats.html]
[pixinvent.com/stack-responsive-bootstrap-4-admin-template/html/ltr/vertical-menu-template/footer-light.html]
[pixinvent.com/stack-responsive-bootstrap-4-admin-template/html/ltr/vertical-menu-template/footer-dark.html]
[pixinvent.com/stack-responsive-bootstrap-4-admin-template/html/ltr/vertical-menu-template/footer-transparent.html]
[pixinvent.com/stack-responsive-bootstrap-4-admin-template/html/ltr/vertical-menu-template/footer-fixed.html]
[pixinvent.com/stack-responsive-bootstrap-4-admin-template/html/ltr/vertical-menu-template/footer-components.html]
[pixinvent.com/stack-responsive-bootstrap-4-admin-template/html/ltr/vertical-menu-template/project-summary.html]
[pixinvent.com/stack-responsive-bootstrap-4-admin-template/html/ltr/vertical-menu-template/invoice-template.html]
[pixinvent.com/stack-responsive-bootstrap-4-admin-template/html/ltr/vertical-menu-template/timeline-center.html]
[pixinvent.com/stack-responsive-bootstrap-4-admin-template/html/ltr/vertical-menu-template/timeline-horizontal.html]
[pixinvent.com/stack-responsive-bootstrap-4-admin-template/html/ltr/vertical-menu-template/user-profile.html]
[pixinvent.com/stack-responsive-bootstrap-4-admin-template/html/ltr/vertical-menu-template/user-cards.html]
[pixinvent.com/stack-responsive-bootstrap-4-admin-template/html/ltr/vertical-menu-template/full-calender-basic.html]
[pixinvent.com/stack-responsive-bootstrap-4-admin-template/html/ltr/vertical-menu-template/full-calender-events.html]
[pixinvent.com/stack-responsive-bootstrap-4-admin-template/html/ltr/vertical-menu-template/full-calender-advance.html]
[pixinvent.com/stack-responsive-bootstrap-4-admin-template/html/ltr/vertical-menu-template/full-calender-extra.html]
[pixinvent.com/stack-responsive-bootstrap-4-admin-template/html/ltr/vertical-menu-template/gallery-grid.html]
[pixinvent.com/stack-responsive-bootstrap-4-admin-template/html/ltr/vertical-menu-template/gallery-grid-with-desc.html]
[pixinvent.com/stack-responsive-bootstrap-4-admin-template/html/ltr/vertical-menu-template/gallery-masonry.html]
[pixinvent.com/stack-responsive-bootstrap-4-admin-template/html/ltr/vertical-menu-template/gallery-masonry-with-desc.html]
[pixinvent.com/stack-responsive-bootstrap-4-admin-template/html/ltr/vertical-menu-template/gallery-hover-effects.html]
[pixinvent.com/stack-responsive-bootstrap-4-admin-template/html/ltr/vertical-menu-template/search-maps.e1.delayed]
[pixinvent.com/stack-responsive-bootstrap-4-admin-template/html/ltr/vertical-menu-template/search-page.html]
[pixinvent.com/stack-responsive-bootstrap-4-admin-template/html/ltr/vertical-menu-template/search-website.html]
[pixinvent.com/stack-responsive-bootstrap-4-admin-template/html/ltr/vertical-menu-template/inde.html]
[pixinvent.com/stack-responsive-bootstrap-4-admin-template/html/ltr/vertical-menu-template/search-images.html]
[pixinvent.com/stack-responsive-bootstrap-4-admin-template/html/ltr/vertical-menu-template/search-videos.html]
[pixinvent.com/stack-responsive-bootstrap-4-admin-template/html/ltr/vertical-menu-template/login-simple.html]
[pixinvent.com/stack-responsive-bootstrap-4-admin-template/html/ltr/vertical-menu-template/login-with-bg.html]
[pixinvent.com/stack-responsive-bootstrap-4-admin-template/html/ltr/vertical-menu-template/login-with-bg-image.html]
[pixinvent.com/stack-responsive-bootstrap-4-admin-template/html/ltr/vertical-menu-template/register-simple.html]
[pixinvent.com/stack-responsive-bootstrap-4-admin-template/html/ltr/vertical-menu-template/register-with-bg.html]
[pixinvent.com/stack-responsive-bootstrap-4-admin-template/html/ltr/vertical-menu-template/register-with-bg-image.html]
[pixinvent.com/stack-responsive-bootstrap-4-admin-template/html/ltr/vertical-menu-template/unlock-user.html]
[pixinvent.com/stack-responsive-bootstrap-4-admin-template/html/ltr/vertical-menu-template/recover-password.html]
[pixinvent.com/stack-responsive-bootstrap-4-admin-template/html/ltr/vertical-menu-template/search-advanced.e3.delayed]
[pixinvent.com/stack-responsive-bootstrap-4-admin-template/html/ltr/vertical-menu-template/error-400.html]
[pixinvent.com/stack-responsive-bootstrap-4-admin-template/html/ltr/vertical-menu-template/error-401.html]
[pixinvent.com/stack-responsive-bootstrap-4-admin-template/html/ltr/vertical-menu-template/error-403.html]
[pixinvent.com/stack-responsive-bootstrap-4-admin-template/html/ltr/vertical-menu-template/error-404.html]
[pixinvent.com/stack-responsive-bootstrap-4-admin-template/html/ltr/vertical-menu-template/error-500.html]
[pixinvent.com/stack-responsive-bootstrap-4-admin-template/html/ltr/vertical-menu-template/coming-soon-flat.html]
[pixinvent.com/stack-responsive-bootstrap-4-admin-template/html/ltr/vertical-menu-template/coming-soon-bg-image.html]
[pixinvent.com/stack-responsive-bootstrap-4-admin-template/html/ltr/vertical-menu-template/coming-soon-bg-video.html]
[pixinvent.com/stack-responsive-bootstrap-4-admin-template/html/ltr/vertical-menu-template/under-maintenance.html]
[pixinvent.com/stack-responsive-bootstrap-4-admin-template/html/ltr/vertical-menu-template/content-grid.html]
[pixinvent.com/stack-responsive-bootstrap-4-admin-template/html/ltr/vertical-menu-template/color-red.html]
[pixinvent.com/stack-responsive-bootstrap-4-admin-template/html/ltr/vertical-menu-template/content-typography.html]
[pixinvent.com/stack-responsive-bootstrap-4-admin-template/html/ltr/vertical-menu-template/content-text-utilities.html]
[pixinvent.com/stack-responsive-bootstrap-4-admin-template/html/ltr/vertical-menu-template/content-syntax-highlighter.html]
[pixinvent.com/stack-responsive-bootstrap-4-admin-template/html/ltr/vertical-menu-template/content-helper-classes.html]
[pixinvent.com/stack-responsive-bootstrap-4-admin-template/html/ltr/vertical-menu-template/card-bootstrap.html]
[pixinvent.com/stack-responsive-bootstrap-4-admin-template/html/ltr/vertical-menu-template/card-headings.html]
[pixinvent.com/stack-responsive-bootstrap-4-admin-template/html/ltr/vertical-menu-template/card-options.html]
[pixinvent.com/stack-responsive-bootstrap-4-admin-template/html/ltr/vertical-menu-template/card-actions.html]
[pixinvent.com/stack-responsive-bootstrap-4-admin-template/html/ltr/vertical-menu-template/card-draggable.html]
[pixinvent.com/stack-responsive-bootstrap-4-admin-template/html/ltr/vertical-menu-template/card-statistics.html]
[pixinvent.com/stack-responsive-bootstrap-4-admin-template/html/ltr/vertical-menu-template/card-weather.html]
[pixinvent.com/stack-responsive-bootstrap-4-admin-template/html/ltr/vertical-menu-template/card-charts.html]
[pixinvent.com/stack-responsive-bootstrap-4-admin-template/html/ltr/vertical-menu-template/card-maps.html]
[pixinvent.com/stack-responsive-bootstrap-4-admin-template/html/ltr/vertical-menu-template/card-social.html]
[pixinvent.com/stack-responsive-bootstrap-4-admin-template/html/ltr/vertical-menu-template/card-ecommerce.html]
[pixinvent.com/stack-responsive-bootstrap-4-admin-template/html/ltr/vertical-menu-template/color-palette-danger.html]
[pixinvent.com/stack-responsive-bootstrap-4-admin-template/html/ltr/vertical-menu-template/color-palette-success.html]
[pixinvent.com/stack-responsive-bootstrap-4-admin-template/html/ltr/vertical-menu-template/color-palette-warning.html]
[pixinvent.com/stack-responsive-bootstrap-4-admin-template/html/ltr/vertical-menu-template/color-palette-info.html]
[pixinvent.com/stack-responsive-bootstrap-4-admin-template/html/ltr/vertical-menu-template/color-palette-red.html]
[pixinvent.com/stack-responsive-bootstrap-4-admin-template/html/ltr/vertical-menu-template/color-palette-pink.html]
[pixinvent.com/stack-responsive-bootstrap-4-admin-template/html/ltr/vertical-menu-template/color-palette-purple.html]
[pixinvent.com/stack-responsive-bootstrap-4-admin-template/html/ltr/vertical-menu-template/color-palette-blue.html]
[pixinvent.com/stack-responsive-bootstrap-4-admin-template/html/ltr/vertical-menu-template/color-palette-cyan.html]
[pixinvent.com/stack-responsive-bootstrap-4-admin-template/html/ltr/vertical-menu-template/color-palette-teal.html]
[pixinvent.com/stack-responsive-bootstrap-4-admin-template/html/ltr/vertical-menu-template/color-palette-yellow.html]
[pixinvent.com/stack-responsive-bootstrap-4-admin-template/html/ltr/vertical-menu-template/color-palette-amber.html]
[pixinvent.com/stack-responsive-bootstrap-4-admin-template/html/ltr/vertical-menu-template/color-palette-blue-grey.html]
[pixinvent.com/stack-responsive-bootstrap-4-admin-template/html/ltr/vertical-menu-template/icons-feather.html]
[pixinvent.com/stack-responsive-bootstrap-4-admin-template/html/ltr/vertical-menu-template/icons-font-awesome.html]
[pixinvent.com/stack-responsive-bootstrap-4-admin-template/html/ltr/vertical-menu-template/icons-simple-line-icons.html]
[pixinvent.com/stack-responsive-bootstrap-4-admin-template/html/ltr/vertical-menu-template/icons-meteocons.html]
[pixinvent.com/stack-responsive-bootstrap-4-admin-template/html/ltr/vertical-menu-template/component-alerts.html]
[pixinvent.com/stack-responsive-bootstrap-4-admin-template/html/ltr/vertical-menu-template/component-callout.html]
[pixinvent.com/stack-responsive-bootstrap-4-admin-template/html/ltr/vertical-menu-template/component-buttons-basic.html]
[pixinvent.com/stack-responsive-bootstrap-4-admin-template/html/ltr/vertical-menu-template/component-buttons-extended.html]
[pixinvent.com/stack-responsive-bootstrap-4-admin-template/html/ltr/vertical-menu-template/component-carousel.html]
[pixinvent.com/stack-responsive-bootstrap-4-admin-template/html/ltr/vertical-menu-template/component-collapse.html]
[pixinvent.com/stack-responsive-bootstrap-4-admin-template/html/ltr/vertical-menu-template/component-dropdowns.html]
[pixinvent.com/stack-responsive-bootstrap-4-admin-template/html/ltr/vertical-menu-template/component-list-group.html]
[pixinvent.com/stack-responsive-bootstrap-4-admin-template/html/ltr/vertical-menu-template/component-modals.html]
[pixinvent.com/stack-responsive-bootstrap-4-admin-template/html/ltr/vertical-menu-template/component-pagination.html]
[pixinvent.com/stack-responsive-bootstrap-4-admin-template/html/ltr/vertical-menu-template/component-navs-component.html]
[pixinvent.com/stack-responsive-bootstrap-4-admin-template/html/ltr/vertical-menu-template/component-tabs-component.html]
[pixinvent.com/stack-responsive-bootstrap-4-admin-template/html/ltr/vertical-menu-template/component-pills-component.html]
[pixinvent.com/stack-responsive-bootstrap-4-admin-template/html/ltr/vertical-menu-template/component-tooltips.html]
[pixinvent.com/stack-responsive-bootstrap-4-admin-template/html/ltr/vertical-menu-template/component-popovers.html]
[pixinvent.com/stack-responsive-bootstrap-4-admin-template/html/ltr/vertical-menu-template/component-tags.html]
[pixinvent.com/stack-responsive-bootstrap-4-admin-template/html/ltr/vertical-menu-template/component-pill-tags.html]
[pixinvent.com/stack-responsive-bootstrap-4-admin-template/html/ltr/vertical-menu-template/component-progress.html]
[pixinvent.com/stack-responsive-bootstrap-4-admin-template/html/ltr/vertical-menu-template/component-media-objects.html]
[pixinvent.com/stack-responsive-bootstrap-4-admin-template/html/ltr/vertical-menu-template/component-scrollable.html]
[pixinvent.com/stack-responsive-bootstrap-4-admin-template/html/ltr/vertical-menu-template/component-spinners.html]
[pixinvent.com/stack-responsive-bootstrap-4-admin-template/html/ltr/vertical-menu-template/ex-component-sweet-alerts.html]
[pixinvent.com/stack-responsive-bootstrap-4-admin-template/html/ltr/vertical-menu-template/ex-component-ratings.html]
[pixinvent.com/stack-responsive-bootstrap-4-admin-template/html/ltr/vertical-menu-template/ex-component-toastr.html]
[pixinvent.com/stack-responsive-bootstrap-4-admin-template/html/ltr/vertical-menu-template/ex-component-noui-slider.html]
[pixinvent.com/stack-responsive-bootstrap-4-admin-template/html/ltr/vertical-menu-template/ex-component-knob.html]
[pixinvent.com/stack-responsive-bootstrap-4-admin-template/html/ltr/vertical-menu-template/ex-component-block-ui.html]
[pixinvent.com/stack-responsive-bootstrap-4-admin-template/html/ltr/vertical-menu-template/ex-component-date-time-picker.html]
[pixinvent.com/stack-responsive-bootstrap-4-admin-template/html/ltr/vertical-menu-template/form-inputs.html]
[pixinvent.com/stack-responsive-bootstrap-4-admin-template/html/ltr/vertical-menu-template/form-input-groups.html]
[pixinvent.com/stack-responsive-bootstrap-4-admin-template/html/ltr/vertical-menu-template/form-input-grid.html]
[pixinvent.com/stack-responsive-bootstrap-4-admin-template/html/ltr/vertical-menu-template/form-extended-inputs.html]
[pixinvent.com/stack-responsive-bootstrap-4-admin-template/html/ltr/vertical-menu-template/form-checkboxes-radios.html]
[pixinvent.com/stack-responsive-bootstrap-4-admin-template/html/ltr/vertical-menu-template/form-switch.html]
[pixinvent.com/stack-responsive-bootstrap-4-admin-template/html/ltr/vertical-menu-template/form-select2.html]
[pixinvent.com/stack-responsive-bootstrap-4-admin-template/html/ltr/vertical-menu-template/form-tags-input.html]
[pixinvent.com/stack-responsive-bootstrap-4-admin-template/html/ltr/vertical-menu-template/form-validation.html]
[pixinvent.com/stack-responsive-bootstrap-4-admin-template/html/ltr/vertical-menu-template/form-layout-basic.html]
[pixinvent.com/stack-responsive-bootstrap-4-admin-template/html/ltr/vertical-menu-template/form-layout-horizontal.html]
[pixinvent.com/stack-responsive-bootstrap-4-admin-template/html/ltr/vertical-menu-template/form-layout-hidden-labels.html]
[pixinvent.com/stack-responsive-bootstrap-4-admin-template/html/ltr/vertical-menu-template/form-layout-form-actions.html]
[pixinvent.com/stack-responsive-bootstrap-4-admin-template/html/ltr/vertical-menu-template/form-layout-bordered.html]
[pixinvent.com/stack-responsive-bootstrap-4-admin-template/html/ltr/vertical-menu-template/form-layout-striped-rows.html]
[pixinvent.com/stack-responsive-bootstrap-4-admin-template/html/ltr/vertical-menu-template/form-wizard.html]
[pixinvent.com/stack-responsive-bootstrap-4-admin-template/html/ltr/vertical-menu-template/table-basic.html]
[pixinvent.com/stack-responsive-bootstrap-4-admin-template/html/ltr/vertical-menu-template/table-border.html]
[pixinvent.com/stack-responsive-bootstrap-4-admin-template/html/ltr/vertical-menu-template/table-sizing.html]
[pixinvent.com/stack-responsive-bootstrap-4-admin-template/html/ltr/vertical-menu-template/colors-primary-palette.e5.delayed]
[pixinvent.com/stack-responsive-bootstrap-4-admin-template/html/ltr/vertical-menu-template/table-styling.html]
[pixinvent.com/stack-responsive-bootstrap-4-admin-template/html/ltr/vertical-menu-template/table-components.html]
[pixinvent.com/stack-responsive-bootstrap-4-admin-template/html/ltr/vertical-menu-template/dt-basic-initialization.html]
[pixinvent.com/stack-responsive-bootstrap-4-admin-template/html/ltr/vertical-menu-template/dt-advanced-initialization.html]
[pixinvent.com/stack-responsive-bootstrap-4-admin-template/html/ltr/vertical-menu-template/dt-styling.html]
[pixinvent.com/stack-responsive-bootstrap-4-admin-template/html/ltr/vertical-menu-template/dt-data-sources.html]
[pixinvent.com/stack-responsive-bootstrap-4-admin-template/html/ltr/vertical-menu-template/dt-api.html]
[pixinvent.com/stack-responsive-bootstrap-4-admin-template/html/ltr/vertical-menu-template/dt-extensions-autofill.html]
[pixinvent.com/stack-responsive-bootstrap-4-admin-template/html/ltr/vertical-menu-template/dt-extensions-buttons-basic.html]
[pixinvent.com/stack-responsive-bootstrap-4-admin-template/html/ltr/vertical-menu-template/dt-extensions-buttons-html-5-data-export.html]
[pixinvent.com/stack-responsive-bootstrap-4-admin-template/html/ltr/vertical-menu-template/dt-extensions-buttons-flash-data-export.html]
[pixinvent.com/stack-responsive-bootstrap-4-admin-template/html/ltr/vertical-menu-template/dt-extensions-buttons-column-visibility.html]
[pixinvent.com/stack-responsive-bootstrap-4-admin-template/html/ltr/vertical-menu-template/dt-extensions-buttons-print.html]
[pixinvent.com/stack-responsive-bootstrap-4-admin-template/html/ltr/vertical-menu-template/dt-extensions-buttons-api.html]
[pixinvent.com/stack-responsive-bootstrap-4-admin-template/html/ltr/vertical-menu-template/dt-extensions-column-reorder.html]
[pixinvent.com/stack-responsive-bootstrap-4-admin-template/html/ltr/vertical-menu-template/dt-extensions-fixed-columns.html]
[pixinvent.com/stack-responsive-bootstrap-4-admin-template/html/ltr/vertical-menu-template/dt-extensions-key-table.html]
[pixinvent.com/stack-responsive-bootstrap-4-admin-template/html/ltr/vertical-menu-template/dt-extensions-row-reorder.html]
[pixinvent.com/stack-responsive-bootstrap-4-admin-template/html/ltr/vertical-menu-template/dt-extensions-select.html]
[pixinvent.com/stack-responsive-bootstrap-4-admin-template/html/ltr/vertical-menu-template/dt-extensions-fix-header.html]
[pixinvent.com/stack-responsive-bootstrap-4-admin-template/html/ltr/vertical-menu-template/dt-extensions-responsive.html]
[pixinvent.com/stack-responsive-bootstrap-4-admin-template/html/ltr/vertical-menu-template/dt-extensions-column-visibility.html]
[pixinvent.com/stack-responsive-bootstrap-4-admin-template/html/ltr/vertical-menu-template/table-jsgrid.html]
[pixinvent.com/stack-responsive-bootstrap-4-admin-template/html/ltr/vertical-menu-template/echarts-line-area-charts.html]
[pixinvent.com/stack-responsive-bootstrap-4-admin-template/html/ltr/vertical-menu-template/echarts-bar-column-charts.html]
[pixinvent.com/stack-responsive-bootstrap-4-admin-template/html/ltr/vertical-menu-template/echarts-pie-doughnut-charts.html]
[pixinvent.com/stack-responsive-bootstrap-4-admin-template/html/ltr/vertical-menu-template/echarts-scatter-charts.html]
[pixinvent.com/stack-responsive-bootstrap-4-admin-template/html/ltr/vertical-menu-template/echarts-radar-chord-charts.html]
[pixinvent.com/stack-responsive-bootstrap-4-admin-template/html/ltr/vertical-menu-template/echarts-funnel-gauges-charts.html]
[pixinvent.com/stack-responsive-bootstrap-4-admin-template/html/ltr/vertical-menu-template/echarts-combination-charts.html]
[pixinvent.com/stack-responsive-bootstrap-4-admin-template/html/ltr/vertical-menu-template/echarts-advance-charts.html]
[pixinvent.com/stack-responsive-bootstrap-4-admin-template/html/ltr/vertical-menu-template/chartjs-line-charts.html]
[pixinvent.com/stack-responsive-bootstrap-4-admin-template/html/ltr/vertical-menu-template/chartjs-bar-charts.html]
[pixinvent.com/stack-responsive-bootstrap-4-admin-template/html/ltr/vertical-menu-template/chartjs-pie-doughnut-charts.html]
[pixinvent.com/stack-responsive-bootstrap-4-admin-template/html/ltr/vertical-menu-template/chartjs-scatter-charts.html]
[pixinvent.com/stack-responsive-bootstrap-4-admin-template/html/ltr/vertical-menu-template/chartjs-polar-radar-charts.html]
[pixinvent.com/stack-responsive-bootstrap-4-admin-template/html/ltr/vertical-menu-template/chartjs-advance-charts.html]
[pixinvent.com/stack-responsive-bootstrap-4-admin-template/html/ltr/vertical-menu-template/morris-charts.html]
[pixinvent.com/stack-responsive-bootstrap-4-admin-template/html/ltr/vertical-menu-template/flot-line-charts.html]
[pixinvent.com/stack-responsive-bootstrap-4-admin-template/html/ltr/vertical-menu-template/flot-bar-charts.html]
[pixinvent.com/stack-responsive-bootstrap-4-admin-template/html/ltr/vertical-menu-template/flot-pie-charts.html]
[pixinvent.com/stack-responsive-bootstrap-4-admin-template/html/ltr/vertical-menu-template/chartist-line-charts.html]
[pixinvent.com/stack-responsive-bootstrap-4-admin-template/html/ltr/vertical-menu-template/chartist-bar-charts.html]
[pixinvent.com/stack-responsive-bootstrap-4-admin-template/html/ltr/vertical-menu-template/chartist-pie-charts.html]
[pixinvent.com/stack-responsive-bootstrap-4-admin-template/html/ltr/vertical-menu-template/gmaps-basic-maps.html]
[pixinvent.com/stack-responsive-bootstrap-4-admin-template/html/ltr/vertical-menu-template/gmaps-services.html]
[pixinvent.com/stack-responsive-bootstrap-4-admin-template/html/ltr/vertical-menu-template/gmaps-overlays.html]
[pixinvent.com/stack-responsive-bootstrap-4-admin-template/html/ltr/vertical-menu-template/gmaps-routes.html]
[pixinvent.com/stack-responsive-bootstrap-4-admin-template/html/ltr/vertical-menu-template/map_events.e6.delayed]
[pixinvent.com/stack-responsive-bootstrap-4-admin-template/html/ltr/vertical-menu-template/gmaps-utils.html]
[pixinvent.com/stack-responsive-bootstrap-4-admin-template/html/ltr/vertical-menu-template/vector-maps-jvector.html]
[pixinvent.com/stack-responsive-bootstrap-4-admin-template/html/ltr/vertical-menu-template/calendars-clndr.html]
[pixinvent.com/stack-responsive-bootstrap-4-admin-template/html/ltr/vertical-menu-template/sk-content-detached-left-sidebar.html]
[pixinvent.com/stack-responsive-bootstrap-4-admin-template/html/ltr/vertical-menu-template/vertical-disabled-navigation-link.html]
[pixinvent.com/stack-responsive-bootstrap-4-admin-template/html/ltr/vertical-menu-template/search-maps.html]
[pixinvent.com/stack-responsive-bootstrap-4-admin-template/html/ltr/vertical-menu-template/inde.html]
[pixinvent.com/stack-responsive-bootstrap-4-admin-template/html/ltr/vertical-menu-template/search-advanced.html]
[pixinvent.com/stack-responsive-bootstrap-4-admin-template/html/ltr/vertical-menu-template/color-red.html]
[pixinvent.com/stack-responsive-bootstrap-4-admin-template/html/ltr/vertical-menu-template/colors-primary-palette.html]
[pixinvent.com/stack-responsive-bootstrap-4-admin-template/html/ltr/vertical-menu-template/map_events.html]
